
================================================================
[RUN] ours_packed_mnist_iid_2r_p2048_s32
[CFG] configs/ours_packed_mnist_iid_2r_p2048_s32.yaml
================================================================
No pid file found: outputs/ours_packed_mnist_iid_2r_p2048_s32/pids.json
[INFO] Checking Hardhat...
[INFO] Deploying audit board contract...
AuditBoard deployed to: 0xc5a5C42992dECbae36851359345FE25997F5C42d
[INFO] Starting KGC/CS/clients...
Started 7 entities. PIDs saved to outputs/ours_packed_mnist_iid_2r_p2048_s32/pids.json
[INFO] Starting experiment...
[WARN] start_experiment returned non-zero; continue polling.

---- Sun Jul  5 19:43:48 CST 2026 ours_packed_mnist_iid_2r_p2048_s32 status 1/240 ----
metrics not ready
verify not ready

---- Sun Jul  5 19:44:18 CST 2026 ours_packed_mnist_iid_2r_p2048_s32 status 2/240 ----
metrics not ready
verify not ready

---- Sun Jul  5 19:44:48 CST 2026 ours_packed_mnist_iid_2r_p2048_s32 status 3/240 ----
metrics not ready
verify not ready

---- Sun Jul  5 19:45:18 CST 2026 ours_packed_mnist_iid_2r_p2048_s32 status 4/240 ----
metrics not ready
verify not ready
